// Jest Snapshot v1, https://goo.gl/fbAQLP

exports[`renders correctly 1`] = `
<div>
  <p>
    Welcome to the √êecentralized version of 500 Questions!
  </p>
  <button
    className="btn-block btn btn-primary"
    disabled={false}
    onClick={[Function]}
    type="button"
  >
     
    Start New Question
  </button>
</div>
`;
